Cleaned SeSBI_PMP
Running SeSBI_PMP ...
SeSBI_PMP FAILED (see also "isabelle build_log -H Error SeSBI_PMP")
*** Failed to apply initial proof method (line 113 of "~/sesbi-JSA/isabelle-SeSBI/SeSBI_PMP_Mstatus.thy"):
*** using this:
***     n ≠ 7
***     n < 64 ∨ ¬ bit val n
*** goal (1 subgoal):
***  1. bit (val AND NOT MSTATUS_MPIE) n =
***     bit val
***      n
*** At command "by" (line 113 of "~/sesbi-JSA/isabelle-SeSBI/SeSBI_PMP_Mstatus.thy")
*** Failed to finish proof:
*** goal (1 subgoal):
***  1. bit val
***      7
*** At command "done" (line 102 of "~/sesbi-JSA/isabelle-SeSBI/SeSBI_PMP_Mstatus.thy")
*** Failed to apply proof method (line 91 of "~/sesbi-JSA/isabelle-SeSBI/SeSBI_PMP_Mstatus.thy"):
*** goal (1 subgoal):
***  1. ⋀n. n < 64 ⟹
***         ((bit val (7 + n) ∧
***           7 + n < 64 ∧
***           ¬ (6 ≤ 7 + n ∧ 7 + n < 64 ∧ 7 + n - 6 < 64 ∧ 7 + n - 6 < 1)) ∧
***          True ∧ n < 1) =
***         bot
*** At command "apply" (line 91 of "~/sesbi-JSA/isabelle-SeSBI/SeSBI_PMP_Mstatus.thy")
*** Failed to apply initial proof method (line 42 of "~/sesbi-JSA/isabelle-SeSBI/SeSBI_PMP_Mstatus.thy"):
*** goal (1 subgoal):
***  1. push_bit 6 (mask 1) AND NOT (push_bit 6 (mask 1) - 1) =
***     push_bit 7
***      1
*** At command "by" (line 42 of "~/sesbi-JSA/isabelle-SeSBI/SeSBI_PMP_Mstatus.thy")
Unfinished session(s): SeSBI_PMP
0:01:16 elapsed time, 0:06:01 cpu time, factor 4.71
